// Jest Snapshot v1, https://goo.gl/fbAQLP

exports[`OrderCoinProcessed renders correctly (deposit and fiat) 1`] = `ShallowWrapper {}`;

exports[`OrderCoinProcessed renders correctly (receive and fiat) 1`] = `ShallowWrapper {}`;

exports[`OrderCoinProcessed renders correctly and passes payment id to order initial 1`] = `ShallowWrapper {}`;

exports[`OrderCoinProcessed renders correctly and passes payment id to order initial 2`] = `ShallowWrapper {}`;

exports[`OrderCoinProcessed renders correctly and updates props (deposit and crypto) 1`] = `ShallowWrapper {}`;

exports[`OrderCoinProcessed renders correctly and updates props (deposit and crypto) 2`] = `ShallowWrapper {}`;

exports[`OrderCoinProcessed renders correctly and updates props (receive and crypto) 1`] = `ShallowWrapper {}`;

exports[`OrderCoinProcessed renders correctly and updates props (receive and crypto) 2`] = `ShallowWrapper {}`;
