// Jest Snapshot v1, https://goo.gl/fbAQLP

exports[`OrderAlert renders correctly 1`] = `ShallowWrapper {}`;
