// Jest Snapshot v1, https://goo.gl/fbAQLP

exports[`OrderStateLoader renders correctly 1`] = `ShallowWrapper {}`;
