// Jest Snapshot v1, https://goo.gl/fbAQLP

exports[`OrderStatus renders correctly 1`] = `ShallowWrapper {}`;

exports[`OrderStatus renders correctly 2`] = `ShallowWrapper {}`;

exports[`OrderStatus renders correctly 3`] = `ShallowWrapper {}`;

exports[`OrderStatus renders correctly 4`] = `ShallowWrapper {}`;

exports[`OrderStatus renders correctly 5`] = `ShallowWrapper {}`;

exports[`OrderStatus renders correctly 6`] = `ShallowWrapper {}`;

exports[`OrderStatus renders correctly 7`] = `ShallowWrapper {}`;

exports[`OrderStatus renders correctly 8`] = `ShallowWrapper {}`;

exports[`OrderStatus renders correctly 9`] = `ShallowWrapper {}`;

exports[`OrderStatus renders correctly 10`] = `ShallowWrapper {}`;

exports[`OrderStatus renders correctly 11`] = `ShallowWrapper {}`;

exports[`OrderStatus renders correctly 12`] = `ShallowWrapper {}`;

exports[`OrderStatus renders correctly 13`] = `ShallowWrapper {}`;

exports[`OrderStatus renders correctly 14`] = `ShallowWrapper {}`;

exports[`OrderStatus renders correctly 15`] = `ShallowWrapper {}`;

exports[`OrderStatus renders correctly 16`] = `ShallowWrapper {}`;
