// Jest Snapshot v1, https://goo.gl/fbAQLP

exports[`OrderInitialCrypto renders correctly 1`] = `ShallowWrapper {}`;
