// Jest Snapshot v1, https://goo.gl/fbAQLP

exports[`ExchangeWidget renders correctly 1`] = `ShallowWrapper {}`;
