// Jest Snapshot v1, https://goo.gl/fbAQLP

exports[`OrderReleased renders correctly 1`] = `ShallowWrapper {}`;

exports[`OrderReleased renders correctly 2`] = `ShallowWrapper {}`;
