// Jest Snapshot v1, https://goo.gl/fbAQLP

exports[`OrderSuccess renders correctly 1`] = `ShallowWrapper {}`;
