// Jest Snapshot v1, https://goo.gl/fbAQLP

exports[`OrderPaymentCrypto renders correctly and handles props update 1`] = `ShallowWrapper {}`;

exports[`OrderPaymentCrypto renders correctly and handles props update 2`] = `ShallowWrapper {}`;
