// Jest Snapshot v1, https://goo.gl/fbAQLP

exports[`OrderCoinsProcessed renders correctly 1`] = `ShallowWrapper {}`;
