// Jest Snapshot v1, https://goo.gl/fbAQLP

exports[`CoinSelector renders correctly 1`] = `undefined`;

exports[`CoinSelector renders correctly 2`] = `undefined`;
