// Jest Snapshot v1, https://goo.gl/fbAQLP

exports[`About renders correctly 1`] = `
ShallowWrapper {
  "length": 1,
  Symbol(enzyme.__root__): [Circular],
  Symbol(enzyme.__unrendered__): <About />,
  Symbol(enzyme.__renderer__): Object {
    "batchedUpdates": [Function],
    "getNode": [Function],
    "render": [Function],
    "simulateEvent": [Function],
    "unmount": [Function],
  },
  Symbol(enzyme.__node__): Object {
    "instance": null,
    "key": undefined,
    "nodeType": "host",
    "props": Object {
      "children": <div
        className="container"
>
        <div
                className="row"
        >
                <div
                        className="col-xs-12"
                >
                        <h2
                                className="title"
                        >
                                About Us
                        </h2>
                </div>
                <div
                        className="col-xs-12 col-sm-6"
                >
                        <p>
                                N.exchange is a fast, reliable and fully transparent cryptocurrency exchange built by crypto enthusiasts, for crypto enthusiasts.
                        </p>
                        <p>
                                We are a group of multi-national, multi-disciplinary cryptocurrency professionals.
                        </p>
                        <p>
                                Our team came together to make this platform after seeing firsthand the need for a fast and reliable exchange on the crypto market.
                        </p>
                        <p>
                                We pride ourselves on total transparency:
                        </p>
                </div>
                <div
                        className="col-xs-12 col-sm-6"
                >
                        <p>
                                Everything is viewable through our API, starting from order lists and ending with our coin reserves. 
                        </p>
                        <p>
                                N.exchange is built on several core values that guide our team in our day to day operations. Among them are complete transparency, a strive to help make cryptocurrency as accessible as possible, and a passion for open source.
                        </p>
                        <p>
                                To support our mission of making crypto accessible to everyone, we’ve made our
                                 
                                <a
                                        href="https://github.com/onitsoft/nexchange-open-client-react"
                                        rel="noopener noreferrer"
                                        target="_blank"
                                >
                                        front end client completely open source
                                </a>
                                .
                        </p>
                </div>
        </div>
</div>,
      "className": "about",
      "id": "about",
    },
    "ref": null,
    "rendered": Object {
      "instance": null,
      "key": undefined,
      "nodeType": "host",
      "props": Object {
        "children": <div
          className="row"
>
          <div
                    className="col-xs-12"
          >
                    <h2
                              className="title"
                    >
                              About Us
                    </h2>
          </div>
          <div
                    className="col-xs-12 col-sm-6"
          >
                    <p>
                              N.exchange is a fast, reliable and fully transparent cryptocurrency exchange built by crypto enthusiasts, for crypto enthusiasts.
                    </p>
                    <p>
                              We are a group of multi-national, multi-disciplinary cryptocurrency professionals.
                    </p>
                    <p>
                              Our team came together to make this platform after seeing firsthand the need for a fast and reliable exchange on the crypto market.
                    </p>
                    <p>
                              We pride ourselves on total transparency:
                    </p>
          </div>
          <div
                    className="col-xs-12 col-sm-6"
          >
                    <p>
                              Everything is viewable through our API, starting from order lists and ending with our coin reserves. 
                    </p>
                    <p>
                              N.exchange is built on several core values that guide our team in our day to day operations. Among them are complete transparency, a strive to help make cryptocurrency as accessible as possible, and a passion for open source.
                    </p>
                    <p>
                              To support our mission of making crypto accessible to everyone, we’ve made our
                               
                              <a
                                        href="https://github.com/onitsoft/nexchange-open-client-react"
                                        rel="noopener noreferrer"
                                        target="_blank"
                              >
                                        front end client completely open source
                              </a>
                              .
                    </p>
          </div>
</div>,
        "className": "container",
      },
      "ref": null,
      "rendered": Object {
        "instance": null,
        "key": undefined,
        "nodeType": "host",
        "props": Object {
          "children": Array [
            <div
              className="col-xs-12"
>
              <h2
                            className="title"
              >
                            About Us
              </h2>
</div>,
            <div
              className="col-xs-12 col-sm-6"
>
              <p>
                            N.exchange is a fast, reliable and fully transparent cryptocurrency exchange built by crypto enthusiasts, for crypto enthusiasts.
              </p>
              <p>
                            We are a group of multi-national, multi-disciplinary cryptocurrency professionals.
              </p>
              <p>
                            Our team came together to make this platform after seeing firsthand the need for a fast and reliable exchange on the crypto market.
              </p>
              <p>
                            We pride ourselves on total transparency:
              </p>
</div>,
            <div
              className="col-xs-12 col-sm-6"
>
              <p>
                            Everything is viewable through our API, starting from order lists and ending with our coin reserves. 
              </p>
              <p>
                            N.exchange is built on several core values that guide our team in our day to day operations. Among them are complete transparency, a strive to help make cryptocurrency as accessible as possible, and a passion for open source.
              </p>
              <p>
                            To support our mission of making crypto accessible to everyone, we’ve made our
                             
                            <a
                                          href="https://github.com/onitsoft/nexchange-open-client-react"
                                          rel="noopener noreferrer"
                                          target="_blank"
                            >
                                          front end client completely open source
                            </a>
                            .
              </p>
</div>,
          ],
          "className": "row",
        },
        "ref": null,
        "rendered": Array [
          Object {
            "instance": null,
            "key": undefined,
            "nodeType": "host",
            "props": Object {
              "children": <h2
                className="title"
>
                About Us
</h2>,
              "className": "col-xs-12",
            },
            "ref": null,
            "rendered": Object {
              "instance": null,
              "key": undefined,
              "nodeType": "host",
              "props": Object {
                "children": "About Us",
                "className": "title",
              },
              "ref": null,
              "rendered": "About Us",
              "type": "h2",
            },
            "type": "div",
          },
          Object {
            "instance": null,
            "key": undefined,
            "nodeType": "host",
            "props": Object {
              "children": Array [
                <p>
                  N.exchange is a fast, reliable and fully transparent cryptocurrency exchange built by crypto enthusiasts, for crypto enthusiasts.
</p>,
                <p>
                  We are a group of multi-national, multi-disciplinary cryptocurrency professionals.
</p>,
                <p>
                  Our team came together to make this platform after seeing firsthand the need for a fast and reliable exchange on the crypto market.
</p>,
                <p>
                  We pride ourselves on total transparency:
</p>,
              ],
              "className": "col-xs-12 col-sm-6",
            },
            "ref": null,
            "rendered": Array [
              Object {
                "instance": null,
                "key": undefined,
                "nodeType": "host",
                "props": Object {
                  "children": "N.exchange is a fast, reliable and fully transparent cryptocurrency exchange built by crypto enthusiasts, for crypto enthusiasts.",
                },
                "ref": null,
                "rendered": "N.exchange is a fast, reliable and fully transparent cryptocurrency exchange built by crypto enthusiasts, for crypto enthusiasts.",
                "type": "p",
              },
              Object {
                "instance": null,
                "key": undefined,
                "nodeType": "host",
                "props": Object {
                  "children": "We are a group of multi-national, multi-disciplinary cryptocurrency professionals.",
                },
                "ref": null,
                "rendered": "We are a group of multi-national, multi-disciplinary cryptocurrency professionals.",
                "type": "p",
              },
              Object {
                "instance": null,
                "key": undefined,
                "nodeType": "host",
                "props": Object {
                  "children": "Our team came together to make this platform after seeing firsthand the need for a fast and reliable exchange on the crypto market.",
                },
                "ref": null,
                "rendered": "Our team came together to make this platform after seeing firsthand the need for a fast and reliable exchange on the crypto market.",
                "type": "p",
              },
              Object {
                "instance": null,
                "key": undefined,
                "nodeType": "host",
                "props": Object {
                  "children": "We pride ourselves on total transparency:",
                },
                "ref": null,
                "rendered": "We pride ourselves on total transparency:",
                "type": "p",
              },
            ],
            "type": "div",
          },
          Object {
            "instance": null,
            "key": undefined,
            "nodeType": "host",
            "props": Object {
              "children": Array [
                <p>
                  Everything is viewable through our API, starting from order lists and ending with our coin reserves. 
</p>,
                <p>
                  N.exchange is built on several core values that guide our team in our day to day operations. Among them are complete transparency, a strive to help make cryptocurrency as accessible as possible, and a passion for open source.
</p>,
                <p>
                  To support our mission of making crypto accessible to everyone, we’ve made our
                   
                  <a
                                    href="https://github.com/onitsoft/nexchange-open-client-react"
                                    rel="noopener noreferrer"
                                    target="_blank"
                  >
                                    front end client completely open source
                  </a>
                  .
</p>,
              ],
              "className": "col-xs-12 col-sm-6",
            },
            "ref": null,
            "rendered": Array [
              Object {
                "instance": null,
                "key": undefined,
                "nodeType": "host",
                "props": Object {
                  "children": "Everything is viewable through our API, starting from order lists and ending with our coin reserves. ",
                },
                "ref": null,
                "rendered": "Everything is viewable through our API, starting from order lists and ending with our coin reserves. ",
                "type": "p",
              },
              Object {
                "instance": null,
                "key": undefined,
                "nodeType": "host",
                "props": Object {
                  "children": "N.exchange is built on several core values that guide our team in our day to day operations. Among them are complete transparency, a strive to help make cryptocurrency as accessible as possible, and a passion for open source.",
                },
                "ref": null,
                "rendered": "N.exchange is built on several core values that guide our team in our day to day operations. Among them are complete transparency, a strive to help make cryptocurrency as accessible as possible, and a passion for open source.",
                "type": "p",
              },
              Object {
                "instance": null,
                "key": undefined,
                "nodeType": "host",
                "props": Object {
                  "children": Array [
                    "To support our mission of making crypto accessible to everyone, we’ve made our",
                    " ",
                    <a
                      href="https://github.com/onitsoft/nexchange-open-client-react"
                      rel="noopener noreferrer"
                      target="_blank"
>
                      front end client completely open source
</a>,
                    ".",
                  ],
                },
                "ref": null,
                "rendered": Array [
                  "To support our mission of making crypto accessible to everyone, we’ve made our",
                  " ",
                  Object {
                    "instance": null,
                    "key": undefined,
                    "nodeType": "host",
                    "props": Object {
                      "children": "front end client completely open source",
                      "href": "https://github.com/onitsoft/nexchange-open-client-react",
                      "rel": "noopener noreferrer",
                      "target": "_blank",
                    },
                    "ref": null,
                    "rendered": "front end client completely open source",
                    "type": "a",
                  },
                  ".",
                ],
                "type": "p",
              },
            ],
            "type": "div",
          },
        ],
        "type": "div",
      },
      "type": "div",
    },
    "type": "div",
  },
  Symbol(enzyme.__nodes__): Array [
    Object {
      "instance": null,
      "key": undefined,
      "nodeType": "host",
      "props": Object {
        "children": <div
          className="container"
>
          <div
                    className="row"
          >
                    <div
                              className="col-xs-12"
                    >
                              <h2
                                        className="title"
                              >
                                        About Us
                              </h2>
                    </div>
                    <div
                              className="col-xs-12 col-sm-6"
                    >
                              <p>
                                        N.exchange is a fast, reliable and fully transparent cryptocurrency exchange built by crypto enthusiasts, for crypto enthusiasts.
                              </p>
                              <p>
                                        We are a group of multi-national, multi-disciplinary cryptocurrency professionals.
                              </p>
                              <p>
                                        Our team came together to make this platform after seeing firsthand the need for a fast and reliable exchange on the crypto market.
                              </p>
                              <p>
                                        We pride ourselves on total transparency:
                              </p>
                    </div>
                    <div
                              className="col-xs-12 col-sm-6"
                    >
                              <p>
                                        Everything is viewable through our API, starting from order lists and ending with our coin reserves. 
                              </p>
                              <p>
                                        N.exchange is built on several core values that guide our team in our day to day operations. Among them are complete transparency, a strive to help make cryptocurrency as accessible as possible, and a passion for open source.
                              </p>
                              <p>
                                        To support our mission of making crypto accessible to everyone, we’ve made our
                                         
                                        <a
                                                  href="https://github.com/onitsoft/nexchange-open-client-react"
                                                  rel="noopener noreferrer"
                                                  target="_blank"
                                        >
                                                  front end client completely open source
                                        </a>
                                        .
                              </p>
                    </div>
          </div>
</div>,
        "className": "about",
        "id": "about",
      },
      "ref": null,
      "rendered": Object {
        "instance": null,
        "key": undefined,
        "nodeType": "host",
        "props": Object {
          "children": <div
            className="row"
>
            <div
                        className="col-xs-12"
            >
                        <h2
                                    className="title"
                        >
                                    About Us
                        </h2>
            </div>
            <div
                        className="col-xs-12 col-sm-6"
            >
                        <p>
                                    N.exchange is a fast, reliable and fully transparent cryptocurrency exchange built by crypto enthusiasts, for crypto enthusiasts.
                        </p>
                        <p>
                                    We are a group of multi-national, multi-disciplinary cryptocurrency professionals.
                        </p>
                        <p>
                                    Our team came together to make this platform after seeing firsthand the need for a fast and reliable exchange on the crypto market.
                        </p>
                        <p>
                                    We pride ourselves on total transparency:
                        </p>
            </div>
            <div
                        className="col-xs-12 col-sm-6"
            >
                        <p>
                                    Everything is viewable through our API, starting from order lists and ending with our coin reserves. 
                        </p>
                        <p>
                                    N.exchange is built on several core values that guide our team in our day to day operations. Among them are complete transparency, a strive to help make cryptocurrency as accessible as possible, and a passion for open source.
                        </p>
                        <p>
                                    To support our mission of making crypto accessible to everyone, we’ve made our
                                     
                                    <a
                                                href="https://github.com/onitsoft/nexchange-open-client-react"
                                                rel="noopener noreferrer"
                                                target="_blank"
                                    >
                                                front end client completely open source
                                    </a>
                                    .
                        </p>
            </div>
</div>,
          "className": "container",
        },
        "ref": null,
        "rendered": Object {
          "instance": null,
          "key": undefined,
          "nodeType": "host",
          "props": Object {
            "children": Array [
              <div
                className="col-xs-12"
>
                <h2
                                className="title"
                >
                                About Us
                </h2>
</div>,
              <div
                className="col-xs-12 col-sm-6"
>
                <p>
                                N.exchange is a fast, reliable and fully transparent cryptocurrency exchange built by crypto enthusiasts, for crypto enthusiasts.
                </p>
                <p>
                                We are a group of multi-national, multi-disciplinary cryptocurrency professionals.
                </p>
                <p>
                                Our team came together to make this platform after seeing firsthand the need for a fast and reliable exchange on the crypto market.
                </p>
                <p>
                                We pride ourselves on total transparency:
                </p>
</div>,
              <div
                className="col-xs-12 col-sm-6"
>
                <p>
                                Everything is viewable through our API, starting from order lists and ending with our coin reserves. 
                </p>
                <p>
                                N.exchange is built on several core values that guide our team in our day to day operations. Among them are complete transparency, a strive to help make cryptocurrency as accessible as possible, and a passion for open source.
                </p>
                <p>
                                To support our mission of making crypto accessible to everyone, we’ve made our
                                 
                                <a
                                                href="https://github.com/onitsoft/nexchange-open-client-react"
                                                rel="noopener noreferrer"
                                                target="_blank"
                                >
                                                front end client completely open source
                                </a>
                                .
                </p>
</div>,
            ],
            "className": "row",
          },
          "ref": null,
          "rendered": Array [
            Object {
              "instance": null,
              "key": undefined,
              "nodeType": "host",
              "props": Object {
                "children": <h2
                  className="title"
>
                  About Us
</h2>,
                "className": "col-xs-12",
              },
              "ref": null,
              "rendered": Object {
                "instance": null,
                "key": undefined,
                "nodeType": "host",
                "props": Object {
                  "children": "About Us",
                  "className": "title",
                },
                "ref": null,
                "rendered": "About Us",
                "type": "h2",
              },
              "type": "div",
            },
            Object {
              "instance": null,
              "key": undefined,
              "nodeType": "host",
              "props": Object {
                "children": Array [
                  <p>
                    N.exchange is a fast, reliable and fully transparent cryptocurrency exchange built by crypto enthusiasts, for crypto enthusiasts.
</p>,
                  <p>
                    We are a group of multi-national, multi-disciplinary cryptocurrency professionals.
</p>,
                  <p>
                    Our team came together to make this platform after seeing firsthand the need for a fast and reliable exchange on the crypto market.
</p>,
                  <p>
                    We pride ourselves on total transparency:
</p>,
                ],
                "className": "col-xs-12 col-sm-6",
              },
              "ref": null,
              "rendered": Array [
                Object {
                  "instance": null,
                  "key": undefined,
                  "nodeType": "host",
                  "props": Object {
                    "children": "N.exchange is a fast, reliable and fully transparent cryptocurrency exchange built by crypto enthusiasts, for crypto enthusiasts.",
                  },
                  "ref": null,
                  "rendered": "N.exchange is a fast, reliable and fully transparent cryptocurrency exchange built by crypto enthusiasts, for crypto enthusiasts.",
                  "type": "p",
                },
                Object {
                  "instance": null,
                  "key": undefined,
                  "nodeType": "host",
                  "props": Object {
                    "children": "We are a group of multi-national, multi-disciplinary cryptocurrency professionals.",
                  },
                  "ref": null,
                  "rendered": "We are a group of multi-national, multi-disciplinary cryptocurrency professionals.",
                  "type": "p",
                },
                Object {
                  "instance": null,
                  "key": undefined,
                  "nodeType": "host",
                  "props": Object {
                    "children": "Our team came together to make this platform after seeing firsthand the need for a fast and reliable exchange on the crypto market.",
                  },
                  "ref": null,
                  "rendered": "Our team came together to make this platform after seeing firsthand the need for a fast and reliable exchange on the crypto market.",
                  "type": "p",
                },
                Object {
                  "instance": null,
                  "key": undefined,
                  "nodeType": "host",
                  "props": Object {
                    "children": "We pride ourselves on total transparency:",
                  },
                  "ref": null,
                  "rendered": "We pride ourselves on total transparency:",
                  "type": "p",
                },
              ],
              "type": "div",
            },
            Object {
              "instance": null,
              "key": undefined,
              "nodeType": "host",
              "props": Object {
                "children": Array [
                  <p>
                    Everything is viewable through our API, starting from order lists and ending with our coin reserves. 
</p>,
                  <p>
                    N.exchange is built on several core values that guide our team in our day to day operations. Among them are complete transparency, a strive to help make cryptocurrency as accessible as possible, and a passion for open source.
</p>,
                  <p>
                    To support our mission of making crypto accessible to everyone, we’ve made our
                     
                    <a
                                        href="https://github.com/onitsoft/nexchange-open-client-react"
                                        rel="noopener noreferrer"
                                        target="_blank"
                    >
                                        front end client completely open source
                    </a>
                    .
</p>,
                ],
                "className": "col-xs-12 col-sm-6",
              },
              "ref": null,
              "rendered": Array [
                Object {
                  "instance": null,
                  "key": undefined,
                  "nodeType": "host",
                  "props": Object {
                    "children": "Everything is viewable through our API, starting from order lists and ending with our coin reserves. ",
                  },
                  "ref": null,
                  "rendered": "Everything is viewable through our API, starting from order lists and ending with our coin reserves. ",
                  "type": "p",
                },
                Object {
                  "instance": null,
                  "key": undefined,
                  "nodeType": "host",
                  "props": Object {
                    "children": "N.exchange is built on several core values that guide our team in our day to day operations. Among them are complete transparency, a strive to help make cryptocurrency as accessible as possible, and a passion for open source.",
                  },
                  "ref": null,
                  "rendered": "N.exchange is built on several core values that guide our team in our day to day operations. Among them are complete transparency, a strive to help make cryptocurrency as accessible as possible, and a passion for open source.",
                  "type": "p",
                },
                Object {
                  "instance": null,
                  "key": undefined,
                  "nodeType": "host",
                  "props": Object {
                    "children": Array [
                      "To support our mission of making crypto accessible to everyone, we’ve made our",
                      " ",
                      <a
                        href="https://github.com/onitsoft/nexchange-open-client-react"
                        rel="noopener noreferrer"
                        target="_blank"
>
                        front end client completely open source
</a>,
                      ".",
                    ],
                  },
                  "ref": null,
                  "rendered": Array [
                    "To support our mission of making crypto accessible to everyone, we’ve made our",
                    " ",
                    Object {
                      "instance": null,
                      "key": undefined,
                      "nodeType": "host",
                      "props": Object {
                        "children": "front end client completely open source",
                        "href": "https://github.com/onitsoft/nexchange-open-client-react",
                        "rel": "noopener noreferrer",
                        "target": "_blank",
                      },
                      "ref": null,
                      "rendered": "front end client completely open source",
                      "type": "a",
                    },
                    ".",
                  ],
                  "type": "p",
                },
              ],
              "type": "div",
            },
          ],
          "type": "div",
        },
        "type": "div",
      },
      "type": "div",
    },
  ],
  Symbol(enzyme.__options__): Object {
    "adapter": ReactSixteenAdapter {
      "options": Object {
        "enableComponentDidUpdateOnSetState": true,
      },
    },
  },
}
`;
