// Jest Snapshot v1, https://goo.gl/fbAQLP

exports[`OrderState renders correctly 1`] = `ShallowWrapper {}`;

exports[`OrderState renders correctly 2`] = `ShallowWrapper {}`;

exports[`OrderState renders correctly 3`] = `ShallowWrapper {}`;

exports[`OrderState renders correctly 4`] = `ShallowWrapper {}`;

exports[`OrderState renders correctly 5`] = `ShallowWrapper {}`;

exports[`OrderState renders correctly 6`] = `ShallowWrapper {}`;

exports[`OrderState renders correctly 7`] = `ShallowWrapper {}`;

exports[`OrderState renders correctly 8`] = `ShallowWrapper {}`;

exports[`OrderState renders correctly 9`] = `ShallowWrapper {}`;

exports[`OrderState renders correctly 10`] = `ShallowWrapper {}`;

exports[`OrderState renders correctly 11`] = `ShallowWrapper {}`;
