// Jest Snapshot v1, https://goo.gl/fbAQLP

exports[`OrderLinks renders correctly 1`] = `ShallowWrapper {}`;
