// Jest Snapshot v1, https://goo.gl/fbAQLP

exports[`OrderPaidFiat renders correctly 1`] = `
ShallowWrapper {
  "length": 1,
  Symbol(enzyme.__root__): [Circular],
  Symbol(enzyme.__unrendered__): <OrderPaid />,
  Symbol(enzyme.__renderer__): Object {
    "batchedUpdates": [Function],
    "getNode": [Function],
    "render": [Function],
    "simulateEvent": [Function],
    "unmount": [Function],
  },
  Symbol(enzyme.__node__): Object {
    "instance": null,
    "key": undefined,
    "nodeType": "host",
    "props": Object {
      "children": Array [
        <OrderStateLoader />,
        <h2
          className="title"
>
          Payment & verification received
</h2>,
        <h3
          className="subtitle"
>
          We are now preparing to release your coins
</h3>,
      ],
      "className": "container",
    },
    "ref": null,
    "rendered": Array [
      Object {
        "instance": null,
        "key": undefined,
        "nodeType": "function",
        "props": Object {},
        "ref": null,
        "rendered": null,
        "type": [Function],
      },
      Object {
        "instance": null,
        "key": undefined,
        "nodeType": "host",
        "props": Object {
          "children": "Payment & verification received",
          "className": "title",
        },
        "ref": null,
        "rendered": "Payment & verification received",
        "type": "h2",
      },
      Object {
        "instance": null,
        "key": undefined,
        "nodeType": "host",
        "props": Object {
          "children": "We are now preparing to release your coins",
          "className": "subtitle",
        },
        "ref": null,
        "rendered": "We are now preparing to release your coins",
        "type": "h3",
      },
    ],
    "type": "div",
  },
  Symbol(enzyme.__nodes__): Array [
    Object {
      "instance": null,
      "key": undefined,
      "nodeType": "host",
      "props": Object {
        "children": Array [
          <OrderStateLoader />,
          <h2
            className="title"
>
            Payment & verification received
</h2>,
          <h3
            className="subtitle"
>
            We are now preparing to release your coins
</h3>,
        ],
        "className": "container",
      },
      "ref": null,
      "rendered": Array [
        Object {
          "instance": null,
          "key": undefined,
          "nodeType": "function",
          "props": Object {},
          "ref": null,
          "rendered": null,
          "type": [Function],
        },
        Object {
          "instance": null,
          "key": undefined,
          "nodeType": "host",
          "props": Object {
            "children": "Payment & verification received",
            "className": "title",
          },
          "ref": null,
          "rendered": "Payment & verification received",
          "type": "h2",
        },
        Object {
          "instance": null,
          "key": undefined,
          "nodeType": "host",
          "props": Object {
            "children": "We are now preparing to release your coins",
            "className": "subtitle",
          },
          "ref": null,
          "rendered": "We are now preparing to release your coins",
          "type": "h3",
        },
      ],
      "type": "div",
    },
  ],
  Symbol(enzyme.__options__): Object {
    "adapter": ReactSixteenAdapter {
      "options": Object {
        "enableComponentDidUpdateOnSetState": true,
      },
    },
  },
}
`;
