// Jest Snapshot v1, https://goo.gl/fbAQLP

exports[`OrderRefunded renders correctly 1`] = `ShallowWrapper {}`;
