// Jest Snapshot v1, https://goo.gl/fbAQLP

exports[`QuestionAnswer renders correctly 1`] = `ShallowWrapper {}`;
