// Jest Snapshot v1, https://goo.gl/fbAQLP

exports[`OrderPaidCrypto renders correctly 1`] = `ShallowWrapper {}`;

exports[`OrderPaidCrypto renders correctly 2`] = `ShallowWrapper {}`;
