// Jest Snapshot v1, https://goo.gl/fbAQLP

exports[`OrderInitialFiat renders correctly 1`] = `ShallowWrapper {}`;
