// Jest Snapshot v1, https://goo.gl/fbAQLP

exports[`FAQ renders correctly 1`] = `ShallowWrapper {}`;

exports[`FAQ renders correctly 2`] = `ShallowWrapper {}`;

exports[`FAQ renders correctly 3`] = `ShallowWrapper {}`;
