// Jest Snapshot v1, https://goo.gl/fbAQLP

exports[`OrderPreReleased renders correctly 1`] = `ShallowWrapper {}`;
