// Jest Snapshot v1, https://goo.gl/fbAQLP

exports[`OrderInitial renders correctly 1`] = `ShallowWrapper {}`;

exports[`OrderInitial renders correctly 2`] = `ShallowWrapper {}`;

exports[`OrderInitial renders correctly 3`] = `ShallowWrapper {}`;
