// Jest Snapshot v1, https://goo.gl/fbAQLP

exports[`OrderTop renders correctly 1`] = `ShallowWrapper {}`;
