// Jest Snapshot v1, https://goo.gl/fbAQLP

exports[`OrderDepth renders correctly 1`] = `undefined`;
