// Jest Snapshot v1, https://goo.gl/fbAQLP

exports[`CountdownItem renders correctly 1`] = `ShallowWrapper {}`;
