// Jest Snapshot v1, https://goo.gl/fbAQLP

exports[`Ellipse renders correctly 1`] = `ShallowWrapper {}`;
