// Jest Snapshot v1, https://goo.gl/fbAQLP

exports[`RefundCancellation renders correctly 1`] = `ShallowWrapper {}`;
