// Jest Snapshot v1, https://goo.gl/fbAQLP

exports[`CoinsDropdown renders correctly 1`] = `ShallowWrapper {}`;

exports[`CoinsDropdown renders correctly 2`] = `ShallowWrapper {}`;
